../Core/Src/main.c:95:5:main	24	static
../Core/Src/main.c:158:6:SystemClock_Config	88	static
../Core/Src/main.c:205:13:MX_TIM1_Init	96	static
../Core/Src/main.c:280:13:MX_TIM3_Init	56	static
../Core/Src/main.c:329:13:MX_TIM4_Init	64	static
../Core/Src/main.c:388:13:MX_TIM5_Init	32	static
../Core/Src/main.c:433:13:MX_USART2_UART_Init	8	static
../Core/Src/main.c:466:13:MX_GPIO_Init	48	static
../Core/Src/main.c:494:6:Unwrapped_Signal	32	static
../Core/Src/main.c:560:7:PIDControl	40	static
../Core/Src/main.c:586:6:HAL_TIM_PeriodElapsedCallback	24	static
../Core/Src/main.c:594:10:micros	12	static
../Core/Src/main.c:604:6:Error_Handler	4	static,ignoring_inline_asm
