../Core/Src/main.c:83:5:main	8	static
../Core/Src/main.c:131:6:SystemClock_Config	88	static
../Core/Src/main.c:178:13:MX_TIM3_Init	56	static
../Core/Src/main.c:227:13:MX_TIM5_Init	32	static
../Core/Src/main.c:272:13:MX_USART2_UART_Init	8	static
../Core/Src/main.c:305:13:MX_GPIO_Init	48	static
../Core/Src/main.c:334:6:Unwrapped_Signal	24	static
../Core/Src/main.c:373:6:Velocity_Approximation	24	static
../Core/Src/main.c:385:6:HAL_TIM_PeriodElapsedCallback	24	static
../Core/Src/main.c:393:10:micros	12	static
../Core/Src/main.c:403:6:Error_Handler	4	static,ignoring_inline_asm
